This is pdfTeX, Version 3.141592653-2.6-1.40.28 (TeX Live 2025) (preloaded format=pdflatex 2026.1.26)  9 MAY 2026 21:37
entering extended mode
 restricted \write18 enabled.
 %&-line parsing enabled.
**"MAE 541 Final Paper.tex"
(./MAE 541 Final Paper.tex
LaTeX2e <2025-11-01>
L3 programming layer <2026-01-19>
(/usr/local/texlive/2025/texmf-dist/tex/latex/koma-script/scrartcl.cls
Document Class: scrartcl 2025/12/01 v3.49 KOMA-Script document class (article)
(/usr/local/texlive/2025/texmf-dist/tex/latex/koma-script/scrkbase.sty
Package: scrkbase 2025/12/01 v3.49 KOMA-Script package (KOMA-Script-dependent b
asics and keyval usage)

(/usr/local/texlive/2025/texmf-dist/tex/latex/koma-script/scrbase.sty
Package: scrbase 2025/12/01 v3.49 KOMA-Script package (KOMA-Script-independent 
basics and keyval usage)

(/usr/local/texlive/2025/texmf-dist/tex/latex/koma-script/scrlfile.sty
Package: scrlfile 2025/12/01 v3.49 KOMA-Script package (file load hooks)

(/usr/local/texlive/2025/texmf-dist/tex/latex/koma-script/scrlfile-hook.sty
Package: scrlfile-hook 2025/12/01 v3.49 KOMA-Script package (using LaTeX hooks)


(/usr/local/texlive/2025/texmf-dist/tex/latex/koma-script/scrlogo.sty
Package: scrlogo 2025/12/01 v3.49 KOMA-Script package (logo)
)))
(/usr/local/texlive/2025/texmf-dist/tex/latex/graphics/keyval.sty
Package: keyval 2022/05/29 v1.15 key=value parser (DPC)
\KV@toks@=\toks17
)
Applying: [2021/05/01] Usage of raw or classic option list on input line 254.
Already applied: [0000/00/00] Usage of raw or classic option list on input line
 370.
))
(/usr/local/texlive/2025/texmf-dist/tex/latex/koma-script/tocbasic.sty
Package: tocbasic 2025/12/01 v3.49 KOMA-Script package (handling toc-files)
\scr@dte@tocline@numberwidth=\skip49
\scr@dte@tocline@numbox=\box53
)
Package tocbasic Info: omitting babel extension for `toc'
(tocbasic)             because of feature `nobabel' available
(tocbasic)             for `toc' on input line 141.
Class scrartcl Info: File `scrsize11pt.clo' used to setup font sizes on input l
ine 2487.

(/usr/local/texlive/2025/texmf-dist/tex/latex/koma-script/scrsize11pt.clo
File: scrsize11pt.clo 2025/12/01 v3.49 KOMA-Script font size class option (11pt
)
)
(/usr/local/texlive/2025/texmf-dist/tex/latex/koma-script/typearea.sty
Package: typearea 2025/12/01 v3.49 KOMA-Script package (type area)
\ta@bcor=\skip50
\ta@div=\count275
\ta@hblk=\skip51
\ta@vblk=\skip52
\ta@temp=\skip53
\footheight=\skip54
Package typearea Info: These are the values describing the layout:
(typearea)             DIV  = 10
(typearea)             BCOR = 0.0pt
(typearea)             \paperwidth      = 597.50793pt
(typearea)              \textwidth      = 418.25555pt
(typearea)              DIV departure   = -6%
(typearea)              \evensidemargin = 17.3562pt
(typearea)              \oddsidemargin  = 17.3562pt
(typearea)             \paperheight     = 845.04694pt
(typearea)              \textheight     = 595.80026pt
(typearea)              \topmargin      = -25.16531pt
(typearea)              \headheight     = 17.0pt
(typearea)              \headsep        = 20.40001pt
(typearea)              \topskip        = 11.0pt
(typearea)              \footskip       = 47.6pt
(typearea)              \baselineskip   = 13.6pt
(typearea)              on input line 1808.
)
\c@part=\count276
\c@section=\count277
\c@subsection=\count278
\c@subsubsection=\count279
\c@paragraph=\count280
\c@subparagraph=\count281
\scr@dte@section@maxnumwidth=\skip55
Class scrartcl Info: using compatibility default `runin=bysign'
(scrartcl)           for `\section on input line 5007.
Class scrartcl Info: using compatibility default `afterindent=bysign'
(scrartcl)           for `\section on input line 5007.
\scr@dte@part@maxnumwidth=\skip56
Class scrartcl Info: using compatibility default `afterindent=false'
(scrartcl)           for `\part on input line 5015.
\scr@dte@subsection@maxnumwidth=\skip57
Class scrartcl Info: using compatibility default `runin=bysign'
(scrartcl)           for `\subsection on input line 5025.
Class scrartcl Info: using compatibility default `afterindent=bysign'
(scrartcl)           for `\subsection on input line 5025.
\scr@dte@subsubsection@maxnumwidth=\skip58
Class scrartcl Info: using compatibility default `runin=bysign'
(scrartcl)           for `\subsubsection on input line 5035.
Class scrartcl Info: using compatibility default `afterindent=bysign'
(scrartcl)           for `\subsubsection on input line 5035.
\scr@dte@paragraph@maxnumwidth=\skip59
Class scrartcl Info: using compatibility default `runin=bysign'
(scrartcl)           for `\paragraph on input line 5046.
Class scrartcl Info: using compatibility default `afterindent=bysign'
(scrartcl)           for `\paragraph on input line 5046.
\scr@dte@subparagraph@maxnumwidth=\skip60
Class scrartcl Info: using compatibility default `runin=bysign'
(scrartcl)           for `\subparagraph on input line 5056.
Class scrartcl Info: using compatibility default `afterindent=bysign'
(scrartcl)           for `\subparagraph on input line 5056.
\abovecaptionskip=\skip61
\belowcaptionskip=\skip62
\c@pti@nb@sid@b@x=\box54
Package tocbasic Info: omitting babel extension for `lof'
(tocbasic)             because of feature `nobabel' available
(tocbasic)             for `lof' on input line 6279.
\scr@dte@figure@maxnumwidth=\skip63
\c@figure=\count282
Package tocbasic Info: omitting babel extension for `lot'
(tocbasic)             because of feature `nobabel' available
(tocbasic)             for `lot' on input line 6291.
\scr@dte@table@maxnumwidth=\skip64
\c@table=\count283
Class scrartcl Info: Redefining `\numberline' on input line 6461.
\bibindent=\dimen148
)
(/usr/local/texlive/2025/texmf-dist/tex/latex/base/fontenc.sty
Package: fontenc 2025/07/18 v2.1d Standard LaTeX package
)
(/usr/local/texlive/2025/texmf-dist/tex/latex/fourier/fourier.sty
Package: fourier 2024/09/08 2.4 fourier-GUTenberg package

(/usr/local/texlive/2025/texmf-dist/tex/generic/iftex/iftex.sty
Package: iftex 2024/12/12 v1.0g TeX engine tests
)
Now handling font encoding FML ...
... no UTF-8 mapping file for font encoding FML
Now handling font encoding FMS ...
... no UTF-8 mapping file for font encoding FMS
Now handling font encoding FMX ...
... no UTF-8 mapping file for font encoding FMX

(/usr/local/texlive/2025/texmf-dist/tex/latex/base/fontenc.sty
Package: fontenc 2025/07/18 v2.1d Standard LaTeX package
LaTeX Font Info:    Trying to load font information for T1+futs on input line 1
16.

(/usr/local/texlive/2025/texmf-dist/tex/latex/fourier/t1futs.fd
File: t1futs.fd 2004/03/02 Fontinst v1.926 font definitions for T1/futs.
))
(/usr/local/texlive/2025/texmf-dist/tex/latex/base/textcomp.sty
Package: textcomp 2024/04/24 v2.1b Standard LaTeX package
)
(/usr/local/texlive/2025/texmf-dist/tex/latex/fourier/fourier-orns.sty
Package: fourier-orns 2024/09/08 2.4 fourier-ornaments package
)
LaTeX Font Info:    Redeclaring symbol font `operators' on input line 64.
LaTeX Font Info:    Encoding `OT1' has changed to `T1' for symbol font
(Font)              `operators' in the math version `normal' on input line 64.
LaTeX Font Info:    Overwriting symbol font `operators' in version `normal'
(Font)                  OT1/cmr/m/n --> T1/futs/m/n on input line 64.
LaTeX Font Info:    Encoding `OT1' has changed to `T1' for symbol font
(Font)              `operators' in the math version `bold' on input line 64.
LaTeX Font Info:    Overwriting symbol font `operators' in version `bold'
(Font)                  OT1/cmr/bx/n --> T1/futs/m/n on input line 64.
LaTeX Font Info:    Overwriting symbol font `operators' in version `bold'
(Font)                  T1/futs/m/n --> T1/futs/b/n on input line 65.
LaTeX Font Info:    Redeclaring symbol font `letters' on input line 73.
LaTeX Font Info:    Encoding `OML' has changed to `FML' for symbol font
(Font)              `letters' in the math version `normal' on input line 73.
LaTeX Font Info:    Overwriting symbol font `letters' in version `normal'
(Font)                  OML/cmm/m/it --> FML/futmi/m/it on input line 73.
LaTeX Font Info:    Encoding `OML' has changed to `FML' for symbol font
(Font)              `letters' in the math version `bold' on input line 73.
LaTeX Font Info:    Overwriting symbol font `letters' in version `bold'
(Font)                  OML/cmm/b/it --> FML/futmi/m/it on input line 73.
\symotherletters=\mathgroup4
LaTeX Font Info:    Overwriting symbol font `letters' in version `bold'
(Font)                  FML/futmi/m/it --> FML/futmi/b/it on input line 75.
LaTeX Font Info:    Overwriting symbol font `otherletters' in version `bold'
(Font)                  FML/futm/m/it --> FML/futm/b/it on input line 76.
LaTeX Font Info:    Redeclaring math symbol \Gamma on input line 77.
LaTeX Font Info:    Redeclaring math symbol \Delta on input line 78.
LaTeX Font Info:    Redeclaring math symbol \Theta on input line 79.
LaTeX Font Info:    Redeclaring math symbol \Lambda on input line 80.
LaTeX Font Info:    Redeclaring math symbol \Xi on input line 81.
LaTeX Font Info:    Redeclaring math symbol \Pi on input line 82.
LaTeX Font Info:    Redeclaring math symbol \Sigma on input line 83.
LaTeX Font Info:    Redeclaring math symbol \Upsilon on input line 84.
LaTeX Font Info:    Redeclaring math symbol \Phi on input line 85.
LaTeX Font Info:    Redeclaring math symbol \Psi on input line 86.
LaTeX Font Info:    Redeclaring math symbol \Omega on input line 87.
LaTeX Font Info:    Redeclaring symbol font `symbols' on input line 127.
LaTeX Font Info:    Encoding `OMS' has changed to `FMS' for symbol font
(Font)              `symbols' in the math version `normal' on input line 127.
LaTeX Font Info:    Overwriting symbol font `symbols' in version `normal'
(Font)                  OMS/cmsy/m/n --> FMS/futm/m/n on input line 127.
LaTeX Font Info:    Encoding `OMS' has changed to `FMS' for symbol font
(Font)              `symbols' in the math version `bold' on input line 127.
LaTeX Font Info:    Overwriting symbol font `symbols' in version `bold'
(Font)                  OMS/cmsy/b/n --> FMS/futm/m/n on input line 127.
LaTeX Font Info:    Redeclaring symbol font `largesymbols' on input line 128.
LaTeX Font Info:    Encoding `OMX' has changed to `FMX' for symbol font
(Font)              `largesymbols' in the math version `normal' on input line 1
28.
LaTeX Font Info:    Overwriting symbol font `largesymbols' in version `normal'
(Font)                  OMX/cmex/m/n --> FMX/futm/m/n on input line 128.
LaTeX Font Info:    Encoding `OMX' has changed to `FMX' for symbol font
(Font)              `largesymbols' in the math version `bold' on input line 128
.
LaTeX Font Info:    Overwriting symbol font `largesymbols' in version `bold'
(Font)                  OMX/cmex/m/n --> FMX/futm/m/n on input line 128.
LaTeX Font Info:    Redeclaring math alphabet \mathbf on input line 129.
LaTeX Font Info:    Overwriting math alphabet `\mathbf' in version `normal'
(Font)                  OT1/cmr/bx/n --> T1/futs/bx/n on input line 129.
LaTeX Font Info:    Overwriting math alphabet `\mathbf' in version `bold'
(Font)                  OT1/cmr/bx/n --> T1/futs/bx/n on input line 129.
LaTeX Font Info:    Redeclaring math alphabet \mathrm on input line 130.
LaTeX Font Info:    Redeclaring math alphabet \mathit on input line 131.
LaTeX Font Info:    Overwriting math alphabet `\mathit' in version `normal'
(Font)                  OT1/cmr/m/it --> T1/futs/m/it on input line 131.
LaTeX Font Info:    Overwriting math alphabet `\mathit' in version `bold'
(Font)                  OT1/cmr/bx/it --> T1/futs/m/it on input line 131.
LaTeX Font Info:    Redeclaring math alphabet \mathcal on input line 132.
LaTeX Font Info:    Redeclaring math symbol \parallel on input line 148.
LaTeX Font Info:    Redeclaring math symbol \hbar on input line 162.
LaTeX Font Info:    Redeclaring math symbol \varkappa on input line 200.
LaTeX Font Info:    Redeclaring math symbol \varvarrho on input line 201.
LaTeX Font Info:    Redeclaring math delimiter \Vert on input line 224.
LaTeX Font Info:    Redeclaring math delimiter \vert on input line 229.
LaTeX Font Info:    Redeclaring math delimiter \Downarrow on input line 239.
LaTeX Font Info:    Redeclaring math delimiter \backslash on input line 241.
LaTeX Font Info:    Redeclaring math delimiter \rangle on input line 243.
LaTeX Font Info:    Redeclaring math delimiter \langle on input line 245.
LaTeX Font Info:    Redeclaring math delimiter \rbrace on input line 247.
LaTeX Font Info:    Redeclaring math delimiter \lbrace on input line 249.
LaTeX Font Info:    Redeclaring math delimiter \rceil on input line 251.
LaTeX Font Info:    Redeclaring math delimiter \lceil on input line 253.
LaTeX Font Info:    Redeclaring math delimiter \rfloor on input line 255.
LaTeX Font Info:    Redeclaring math delimiter \lfloor on input line 257.
LaTeX Font Info:    Redeclaring math accent \acute on input line 261.
LaTeX Font Info:    Redeclaring math accent \grave on input line 262.
LaTeX Font Info:    Redeclaring math accent \ddot on input line 263.
LaTeX Font Info:    Redeclaring math accent \tilde on input line 264.
LaTeX Font Info:    Redeclaring math accent \bar on input line 265.
LaTeX Font Info:    Redeclaring math accent \breve on input line 266.
LaTeX Font Info:    Redeclaring math accent \check on input line 267.
LaTeX Font Info:    Redeclaring math accent \hat on input line 268.
LaTeX Font Info:    Redeclaring math accent \dot on input line 269.
LaTeX Font Info:    Redeclaring math accent \mathring on input line 270.
\symUfutm=\mathgroup5
)
(/usr/local/texlive/2025/texmf-dist/tex/generic/babel/babel.sty
Package: babel 2026/01/18 v26.1 The multilingual framework for LuaLaTeX, pdfLaT
eX and XeLaTeX
\babel@savecnt=\count284
LaTeX Encoding Info:    Redeclaring text command \ij (encoding OT1) on input li
ne 2078.
LaTeX Encoding Info:    Redeclaring text command \IJ (encoding OT1) on input li
ne 2080.
LaTeX Encoding Info:    Redeclaring text command \ij (encoding T1) on input lin
e 2082.
LaTeX Encoding Info:    Redeclaring text command \IJ (encoding T1) on input lin
e 2083.
LaTeX Encoding Info:    Ignoring declaration for text command \ij (encoding ?) 
on input line 2084.
LaTeX Encoding Info:    Ignoring declaration for text command \IJ (encoding ?) 
on input line 2086.
LaTeX Encoding Info:    Ignoring declaration for text command \SS (encoding ?) 
on input line 2111.
\U@D=\dimen149
\l@unhyphenated=\language90

(/usr/local/texlive/2025/texmf-dist/tex/generic/babel/txtbabel.def)
\bbl@readstream=\read2
\bbl@dirlevel=\count285

(/usr/local/texlive/2025/texmf-dist/tex/generic/babel/locale/en/babel-english.t
ex)
Package babel Info: Importing font and identification data for english
(babel)             from babel-en.ini. Reported on input line 4330.
 (/usr/local/texlive/2025/texmf-dist/tex/generic/babel-english/english.ldf
Language: english 2017/06/06 v3.3r English support from the babel system
Package babel Info: Hyphen rules for 'canadian' set to \l@english
(babel)             (\language0). Reported on input line 102.
Package babel Info: Hyphen rules for 'australian' set to \l@ukenglish
(babel)             (\language22). Reported on input line 105.
Package babel Info: Hyphen rules for 'newzealand' set to \l@ukenglish
(babel)             (\language22). Reported on input line 108.
)) (/usr/local/texlive/2025/texmf-dist/tex/latex/amsmath/amsmath.sty
Package: amsmath 2025/07/09 v2.17z AMS math features
\@mathmargin=\skip65

For additional information on amsmath, use the `?' option.
(/usr/local/texlive/2025/texmf-dist/tex/latex/amsmath/amstext.sty
Package: amstext 2024/11/17 v2.01 AMS text

(/usr/local/texlive/2025/texmf-dist/tex/latex/amsmath/amsgen.sty
File: amsgen.sty 1999/11/30 v2.0 generic functions
\@emptytoks=\toks18
\ex@=\dimen150
))
(/usr/local/texlive/2025/texmf-dist/tex/latex/amsmath/amsbsy.sty
Package: amsbsy 1999/11/29 v1.2d Bold Symbols
\pmbraise@=\dimen151
)
(/usr/local/texlive/2025/texmf-dist/tex/latex/amsmath/amsopn.sty
Package: amsopn 2022/04/08 v2.04 operator names
)
\inf@bad=\count286
LaTeX Info: Redefining \frac on input line 233.
\uproot@=\count287
\leftroot@=\count288
LaTeX Info: Redefining \overline on input line 398.
LaTeX Info: Redefining \colon on input line 409.
\classnum@=\count289
\DOTSCASE@=\count290
LaTeX Info: Redefining \ldots on input line 495.
LaTeX Info: Redefining \dots on input line 498.
LaTeX Info: Redefining \cdots on input line 619.
\Mathstrutbox@=\box55
\strutbox@=\box56
LaTeX Info: Redefining \big on input line 721.
LaTeX Info: Redefining \Big on input line 722.
LaTeX Info: Redefining \bigg on input line 723.
LaTeX Info: Redefining \Bigg on input line 724.
\big@size=\dimen152
LaTeX Font Info:    Redeclaring font encoding OML on input line 742.
LaTeX Font Info:    Redeclaring font encoding OMS on input line 743.
\macc@depth=\count291
LaTeX Info: Redefining \bmod on input line 904.
LaTeX Info: Redefining \pmod on input line 909.
LaTeX Info: Redefining \smash on input line 939.
LaTeX Info: Redefining \relbar on input line 969.
LaTeX Info: Redefining \Relbar on input line 970.
\c@MaxMatrixCols=\count292
\dotsspace@=\muskip17
\c@parentequation=\count293
\dspbrk@lvl=\count294
\tag@help=\toks19
\row@=\count295
\column@=\count296
\maxfields@=\count297
\andhelp@=\toks20
\eqnshift@=\dimen153
\alignsep@=\dimen154
\tagshift@=\dimen155
\tagwidth@=\dimen156
\totwidth@=\dimen157
\lineht@=\dimen158
\@envbody=\toks21
\multlinegap=\skip66
\multlinetaggap=\skip67
\mathdisplay@stack=\toks22
LaTeX Info: Redefining \[ on input line 2950.
LaTeX Info: Redefining \] on input line 2951.
)
(/usr/local/texlive/2025/texmf-dist/tex/latex/amsfonts/amsfonts.sty
Package: amsfonts 2013/01/14 v3.01 Basic AMSFonts support
\symAMSa=\mathgroup6
\symAMSb=\mathgroup7
LaTeX Font Info:    Overwriting math alphabet `\mathfrak' in version `bold'
(Font)                  U/euf/m/n --> U/euf/b/n on input line 106.
LaTeX Font Info:    Redeclaring math symbol \square on input line 141.
)
(/usr/local/texlive/2025/texmf-dist/tex/latex/amscls/amsthm.sty
Package: amsthm 2020/05/29 v2.20.6
\thm@style=\toks23
\thm@bodyfont=\toks24
\thm@headfont=\toks25
\thm@notefont=\toks26
\thm@headpunct=\toks27
\thm@preskip=\skip68
\thm@postskip=\skip69
\thm@headsep=\skip70
\dth@everypar=\toks28
)
(/usr/local/texlive/2025/texmf-dist/tex/latex/xpatch/xpatch.sty
(/usr/local/texlive/2025/texmf-dist/tex/latex/l3kernel/expl3.sty
Package: expl3 2026-01-19 L3 programming layer (loader) 

(/usr/local/texlive/2025/texmf-dist/tex/latex/l3backend/l3backend-pdftex.def
File: l3backend-pdftex.def 2025-10-09 L3 backend support: PDF output (pdfTeX)
\l__color_backend_stack_int=\count298
))
Package: xpatch 2020/03/25 v0.3a Extending etoolbox patching commands

(/usr/local/texlive/2025/texmf-dist/tex/latex/l3packages/xparse/xparse.sty
Package: xparse 2025-10-09 L3 Experimental document command parser
)
(/usr/local/texlive/2025/texmf-dist/tex/latex/etoolbox/etoolbox.sty
Package: etoolbox 2025/10/02 v2.5m e-TeX tools for LaTeX (JAW)
\etb@tempcnta=\count299
))
Class scrartcl Info: amsthm's \deferred@thm@head patched.

(/usr/local/texlive/2025/texmf-dist/tex/latex/graphics/graphicx.sty
Package: graphicx 2024/12/31 v1.2e Enhanced LaTeX Graphics (DPC,SPQR)

(/usr/local/texlive/2025/texmf-dist/tex/latex/graphics/graphics.sty
Package: graphics 2024/08/06 v1.4g Standard LaTeX Graphics (DPC,SPQR)

(/usr/local/texlive/2025/texmf-dist/tex/latex/graphics/trig.sty
Package: trig 2023/12/02 v1.11 sin cos tan (DPC)
)
(/usr/local/texlive/2025/texmf-dist/tex/latex/graphics-cfg/graphics.cfg
File: graphics.cfg 2016/06/04 v1.11 sample graphics configuration
)
Package graphics Info: Driver file: pdftex.def on input line 106.

(/usr/local/texlive/2025/texmf-dist/tex/latex/graphics-def/pdftex.def
File: pdftex.def 2025/09/29 v1.2d Graphics/color driver for pdftex
))
\Gin@req@height=\dimen159
\Gin@req@width=\dimen160
)
(/usr/local/texlive/2025/texmf-dist/tex/latex/booktabs/booktabs.sty
Package: booktabs 2020/01/12 v1.61803398 Publication quality tables
\heavyrulewidth=\dimen161
\lightrulewidth=\dimen162
\cmidrulewidth=\dimen163
\belowrulesep=\dimen164
\belowbottomsep=\dimen165
\aboverulesep=\dimen166
\abovetopsep=\dimen167
\cmidrulesep=\dimen168
\cmidrulekern=\dimen169
\defaultaddspace=\dimen170
\@cmidla=\count300
\@cmidlb=\count301
\@aboverulesep=\dimen171
\@belowrulesep=\dimen172
\@thisruleclass=\count302
\@lastruleclass=\count303
\@thisrulewidth=\dimen173
)
(/usr/local/texlive/2025/texmf-dist/tex/latex/float/float.sty
Package: float 2001/11/08 v1.3d Float enhancements (AL)
\c@float@type=\count304
\float@exts=\toks29
\float@box=\box57
\@float@everytoks=\toks30
\@floatcapt=\box58
)
(/usr/local/texlive/2025/texmf-dist/tex/latex/lipsum/lipsum.sty
(/usr/local/texlive/2025/texmf-dist/tex/latex/l3packages/l3keys2e/l3keys2e.sty
Package: l3keys2e 2025-10-09 LaTeX2e option processing using LaTeX3 keys
)
Package: lipsum 2021-09-20 v2.7 150 paragraphs of Lorem Ipsum dummy text
\g__lipsum_par_int=\count305
\l__lipsum_a_int=\count306
\l__lipsum_b_int=\count307
(/usr/local/texlive/2025/texmf-dist/tex/latex/lipsum/lipsum.ltd.tex))
(/usr/local/texlive/2025/texmf-dist/tex/latex/sectsty/sectsty.sty
Package: sectsty 2002/02/25 v2.0.2 Commands to change all sectional heading sty
les


LaTeX Warning: Command \underbar  has changed.
               Check if current package is valid.


LaTeX Warning: Command \underline  has changed.
               Check if current package is valid.

)

Class scrartcl Warning: Incompatible package `sectsty' loaded!
(scrartcl)              Package `sectsty' up to version 2.0.2 is incompatible
(scrartcl)              with KOMA-Script from version 2.8e released in 2001.
(scrartcl)              You should avoid that package and configure the
(scrartcl)              section titles of your document using the KOMA-Script
(scrartcl)              user interface, e.g., \chapterlinesformat,
(scrartcl)              \RedeclareSectionCommand etc. or you should ask
(scrartcl)              the `sectsty' maintainer for a more compatible release.

(scrartcl)              Ignoring this warning could result in several error
(scrartcl)              messages and formatting issues after loading package
(scrartcl)              `sectsty' on input line 14.

(/usr/local/texlive/2025/texmf-dist/tex/latex/graphics/color.sty
Package: color 2025/01/14 v1.3e Standard LaTeX Color (DPC)

(/usr/local/texlive/2025/texmf-dist/tex/latex/graphics-cfg/color.cfg
File: color.cfg 2016/01/02 v1.6 sample color configuration
)
Package color Info: Driver file: pdftex.def on input line 149.

(/usr/local/texlive/2025/texmf-dist/tex/latex/graphics/mathcolor.ltx))
(/usr/local/texlive/2025/texmf-dist/tex/generic/soul/soul.sty
Package: soul 2023-06-14 v3.1 Permit use of UTF-8 characters in soul (HO)

(/usr/local/texlive/2025/texmf-dist/tex/generic/soul/soul-ori.sty
Package: soul-ori 2023-06-14 v3.1 letterspacing/underlining (mf)
\SOUL@word=\toks31
\SOUL@lasttoken=\toks32
\SOUL@syllable=\toks33
\SOUL@cmds=\toks34
\SOUL@buffer=\toks35
\SOUL@token=\toks36
\SOUL@syllgoal=\dimen174
\SOUL@syllwidth=\dimen175
\SOUL@charkern=\dimen176
\SOUL@hyphkern=\dimen177
\SOUL@dimen=\dimen178
\SOUL@dimeni=\dimen179
\SOUL@minus=\count308
\SOUL@comma=\count309
\SOUL@apo=\count310
\SOUL@grave=\count311
\SOUL@spaceskip=\skip71
\SOUL@ttwidth=\dimen180
\SOUL@uldp=\dimen181
\SOUL@ulht=\dimen182
)
(/usr/local/texlive/2025/texmf-dist/tex/generic/infwarerr/infwarerr.sty
Package: infwarerr 2019/12/03 v1.5 Providing info/warning/error messages (HO)
)
(/usr/local/texlive/2025/texmf-dist/tex/generic/etexcmds/etexcmds.sty
Package: etexcmds 2019/12/15 v1.7 Avoid name clashes with e-TeX commands (HO)
))

Class scrartcl Warning: Usage of package `fancyhdr' together
(scrartcl)              with a KOMA-Script class is not recommended.
(scrartcl)              I'd suggest to use 
(scrartcl)              package `scrlayer' or `scrlayer-scrpage', because
(scrartcl)              they support KOMA-Script classes.
(scrartcl)              With `fancyhdr' several features of class `scrartcl'
(scrartcl)              like options `headsepline', `footsepline' or command
(scrartcl)              `\MakeMarkcase' and the commands `\setkomafont' and
(scrartcl)              `\addtokomafont' for the page style elements need
(scrartcl)              explicite user intervention to work.
(scrartcl)              Nevertheless, using requested
(scrartcl)              package `fancyhdr' on input line 20.

(/usr/local/texlive/2025/texmf-dist/tex/latex/fancyhdr/fancyhdr.sty
Package: fancyhdr 2025/02/07 v5.2 Extensive control of page headers and footers

\f@nch@headwidth=\skip72
\f@nch@offset@elh=\skip73
\f@nch@offset@erh=\skip74
\f@nch@offset@olh=\skip75
\f@nch@offset@orh=\skip76
\f@nch@offset@elf=\skip77
\f@nch@offset@erf=\skip78
\f@nch@offset@olf=\skip79
\f@nch@offset@orf=\skip80
\f@nch@height=\skip81
\f@nch@footalignment=\skip82
\f@nch@widthL=\skip83
\f@nch@widthC=\skip84
\f@nch@widthR=\skip85
\@temptokenb=\toks37
)
\c@definition=\count312
\c@theorem=\count313

(./MAE 541 Final Paper.aux)
\openout1 = `"MAE 541 Final Paper.aux"'.

LaTeX Font Info:    Checking defaults for OML/cmm/m/it on input line 58.
LaTeX Font Info:    ... okay on input line 58.
LaTeX Font Info:    Checking defaults for OMS/cmsy/m/n on input line 58.
LaTeX Font Info:    ... okay on input line 58.
LaTeX Font Info:    Checking defaults for OT1/cmr/m/n on input line 58.
LaTeX Font Info:    ... okay on input line 58.
LaTeX Font Info:    Checking defaults for T1/cmr/m/n on input line 58.
LaTeX Font Info:    ... okay on input line 58.
LaTeX Font Info:    Checking defaults for TS1/cmr/m/n on input line 58.
LaTeX Font Info:    ... okay on input line 58.
LaTeX Font Info:    Checking defaults for OMX/cmex/m/n on input line 58.
LaTeX Font Info:    ... okay on input line 58.
LaTeX Font Info:    Checking defaults for U/cmr/m/n on input line 58.
LaTeX Font Info:    ... okay on input line 58.
LaTeX Font Info:    Checking defaults for FML/futm/m/it on input line 58.
LaTeX Font Info:    Trying to load font information for FML+futm on input line 
58.

(/usr/local/texlive/2025/texmf-dist/tex/latex/fourier/fmlfutm.fd
File: fmlfutm.fd 2004/10/30 Fontinst v1.926 font definitions for FML/futm.
)
LaTeX Font Info:    ... okay on input line 58.
LaTeX Font Info:    Checking defaults for FMS/futm/m/n on input line 58.
LaTeX Font Info:    Trying to load font information for FMS+futm on input line 
58.

(/usr/local/texlive/2025/texmf-dist/tex/latex/fourier/fmsfutm.fd
File: fmsfutm.fd 2004/10/30 Fontinst v1.926 font definitions for FMS/futm.
)
LaTeX Font Info:    ... okay on input line 58.
LaTeX Font Info:    Checking defaults for FMX/futm/m/n on input line 58.
LaTeX Font Info:    Trying to load font information for FMX+futm on input line 
58.

(/usr/local/texlive/2025/texmf-dist/tex/latex/fourier/fmxfutm.fd
File: fmxfutm.fd futm-extension
)
LaTeX Font Info:    ... okay on input line 58.
Package scrbase Info: activating english \abstractname on input line 58.
Package scrbase Info: activating english \partname on input line 58.
Package scrbase Info: activating english \figurename on input line 58.
Package scrbase Info: activating english \tablename on input line 58.
Package scrbase Info: activating english \contentsname on input line 58.
Package scrbase Info: activating english \listfigurename on input line 58.
Package scrbase Info: activating english \listtablename on input line 58.
Package scrbase Info: activating english \refname on input line 58.
Package scrbase Info: activating english \indexname on input line 58.
LaTeX Font Info:    Redeclaring math accent \widehat on input line 58.
LaTeX Font Info:    Redeclaring math accent \widetilde on input line 58.

(/usr/local/texlive/2025/texmf-dist/tex/context/base/mkii/supp-pdf.mkii
[Loading MPS to PDF converter (version 2006.09.02).]
\scratchcounter=\count314
\scratchdimen=\dimen183
\scratchbox=\box59
\nofMPsegments=\count315
\nofMParguments=\count316
\everyMPshowfont=\toks38
\MPscratchCnt=\count317
\MPscratchDim=\dimen184
\MPnumerator=\count318
\makeMPintoPDFobject=\count319
\everyMPtoPDFconversion=\toks39
) (/usr/local/texlive/2025/texmf-dist/tex/latex/epstopdf-pkg/epstopdf-base.sty
Package: epstopdf-base 2020-01-24 v2.11 Base part for package epstopdf
Package epstopdf-base Info: Redefining graphics rule for `.eps' on input line 4
85.

(/usr/local/texlive/2025/texmf-dist/tex/latex/latexconfig/epstopdf-sys.cfg
File: epstopdf-sys.cfg 2010/07/13 v1.3 Configuration of (r)epstopdf for TeX Liv
e
))
LaTeX Font Info:    Trying to load font information for FML+futmi on input line
 61.

(/usr/local/texlive/2025/texmf-dist/tex/latex/fourier/fmlfutmi.fd
File: fmlfutmi.fd 2004/10/30 Fontinst v1.926 font definitions for FML/futmi.
)
LaTeX Font Info:    Font shape `FMX/futm/m/n' will be
(Font)              scaled to size 13.24796pt on input line 61.
LaTeX Font Info:    Font shape `FMX/futm/m/n' will be
(Font)              scaled to size 9.19998pt on input line 61.
LaTeX Font Info:    Font shape `FMX/futm/m/n' will be
(Font)              scaled to size 7.35999pt on input line 61.
LaTeX Font Info:    Font shape `U/futm/m/n' will be
(Font)              scaled to size 13.24796pt on input line 61.
LaTeX Font Info:    Font shape `U/futm/m/n' will be
(Font)              scaled to size 9.19998pt on input line 61.
LaTeX Font Info:    Font shape `U/futm/m/n' will be
(Font)              scaled to size 7.35999pt on input line 61.
LaTeX Font Info:    Trying to load font information for U+msa on input line 61.


(/usr/local/texlive/2025/texmf-dist/tex/latex/amsfonts/umsa.fd
File: umsa.fd 2013/01/14 v3.01 AMS symbols A
)
LaTeX Font Info:    Trying to load font information for U+msb on input line 61.


(/usr/local/texlive/2025/texmf-dist/tex/latex/amsfonts/umsb.fd
File: umsb.fd 2013/01/14 v3.01 AMS symbols B
)

Package scrartcl Warning: Usage of \@startsection detected.
(scrartcl)                Note, the sectioning of scrartcl does neither use
(scrartcl)                nor support the usage of \@startsection command.
(scrartcl)                This means, that none of the KOMA-Script features
(scrartcl)                for headings is available for the heading on line
(scrartcl)                66.
(scrartcl)                If you need additional sectioning commands, you
(scrartcl)                should define them using \DeclareNewSectionCommand
(scrartcl)                instead.


Package scrartcl Warning: Usage of \@startsection detected.
(scrartcl)                Note, the sectioning of scrartcl does neither use
(scrartcl)                nor support the usage of \@startsection command.
(scrartcl)                This means, that none of the KOMA-Script features
(scrartcl)                for headings is available for the heading on line
(scrartcl)                73.
(scrartcl)                If you need additional sectioning commands, you
(scrartcl)                should define them using \DeclareNewSectionCommand
(scrartcl)                instead.


Package scrartcl Warning: Usage of \@startsection detected.
(scrartcl)                Note, the sectioning of scrartcl does neither use
(scrartcl)                nor support the usage of \@startsection command.
(scrartcl)                This means, that none of the KOMA-Script features
(scrartcl)                for headings is available for the heading on line
(scrartcl)                99.
(scrartcl)                If you need additional sectioning commands, you
(scrartcl)                should define them using \DeclareNewSectionCommand
(scrartcl)                instead.


Package scrartcl Warning: Usage of \@startsection detected.
(scrartcl)                Note, the sectioning of scrartcl does neither use
(scrartcl)                nor support the usage of \@startsection command.
(scrartcl)                This means, that none of the KOMA-Script features
(scrartcl)                for headings is available for the heading on line
(scrartcl)                101.
(scrartcl)                If you need additional sectioning commands, you
(scrartcl)                should define them using \DeclareNewSectionCommand
(scrartcl)                instead.

[1


{/usr/local/texlive/2025/texmf-var/fonts/map/pdftex/updmap/pdftex.map}{/usr/loc
al/texlive/2025/texmf-dist/fonts/enc/dvips/base/8r.enc}]
LaTeX Font Info:    Font shape `FMX/futm/m/n' will be
(Font)              scaled to size 10.07397pt on input line 106.
LaTeX Font Info:    Font shape `FMX/futm/m/n' will be
(Font)              scaled to size 7.63599pt on input line 106.
LaTeX Font Info:    Font shape `FMX/futm/m/n' will be
(Font)              scaled to size 5.51999pt on input line 106.
LaTeX Font Info:    Font shape `U/futm/m/n' will be
(Font)              scaled to size 10.07397pt on input line 106.
LaTeX Font Info:    Font shape `U/futm/m/n' will be
(Font)              scaled to size 7.63599pt on input line 106.
LaTeX Font Info:    Font shape `U/futm/m/n' will be
(Font)              scaled to size 5.51999pt on input line 106.
LaTeX Font Info:    Font shape `T1/futs/bx/n' in size <10.95> not available
(Font)              Font shape `T1/futs/b/n' tried instead on input line 117.
LaTeX Font Info:    Font shape `T1/futs/bx/n' in size <8.3> not available
(Font)              Font shape `T1/futs/b/n' tried instead on input line 117.
LaTeX Font Info:    Font shape `T1/futs/bx/n' in size <6> not available
(Font)              Font shape `T1/futs/b/n' tried instead on input line 117.


LaTeX Warning: Citation `sompolinsky1988chaos' on page 2 undefined on input lin
e 123.


Package scrartcl Warning: Usage of \@startsection detected.
(scrartcl)                Note, the sectioning of scrartcl does neither use
(scrartcl)                nor support the usage of \@startsection command.
(scrartcl)                This means, that none of the KOMA-Script features
(scrartcl)                for headings is available for the heading on line
(scrartcl)                127.
(scrartcl)                If you need additional sectioning commands, you
(scrartcl)                should define them using \DeclareNewSectionCommand
(scrartcl)                instead.

LaTeX Font Info:    Font shape `FMX/futm/m/n' will be
(Font)              scaled to size 11.03998pt on input line 127.
LaTeX Font Info:    Font shape `FMX/futm/m/n' will be
(Font)              scaled to size 8.27998pt on input line 127.
LaTeX Font Info:    Font shape `FMX/futm/m/n' will be
(Font)              scaled to size 6.43999pt on input line 127.
LaTeX Font Info:    Font shape `T1/futs/bx/n' in size <12> not available
(Font)              Font shape `T1/futs/b/n' tried instead on input line 127.
LaTeX Font Info:    Font shape `T1/futs/bx/n' in size <9> not available
(Font)              Font shape `T1/futs/b/n' tried instead on input line 127.
LaTeX Font Info:    Font shape `T1/futs/bx/n' in size <7> not available
(Font)              Font shape `T1/futs/b/n' tried instead on input line 127.
LaTeX Font Info:    Font shape `U/futm/m/n' will be
(Font)              scaled to size 11.03998pt on input line 127.
LaTeX Font Info:    Font shape `U/futm/m/n' will be
(Font)              scaled to size 8.27998pt on input line 127.
LaTeX Font Info:    Font shape `U/futm/m/n' will be
(Font)              scaled to size 6.43999pt on input line 127.

Package scrartcl Warning: Usage of \@startsection detected.
(scrartcl)                Note, the sectioning of scrartcl does neither use
(scrartcl)                nor support the usage of \@startsection command.
(scrartcl)                This means, that none of the KOMA-Script features
(scrartcl)                for headings is available for the heading on line
(scrartcl)                147.
(scrartcl)                If you need additional sectioning commands, you
(scrartcl)                should define them using \DeclareNewSectionCommand
(scrartcl)                instead.


LaTeX Warning: Citation `sompolinsky1988chaos' on page 2 undefined on input lin
e 162.


Overfull \hbox (0.70135pt too wide) in paragraph at lines 162--164
[]\T1/futs/m/n/10.95 Oja's rule [[]] sta-bi-lizes Heb-bian learn-ing by adding 
an activity-dependent nor-mal-iza-tion term: 
 []

[2]

Package scrartcl Warning: Usage of \@startsection detected.
(scrartcl)                Note, the sectioning of scrartcl does neither use
(scrartcl)                nor support the usage of \@startsection command.
(scrartcl)                This means, that none of the KOMA-Script features
(scrartcl)                for headings is available for the heading on line
(scrartcl)                183.
(scrartcl)                If you need additional sectioning commands, you
(scrartcl)                should define them using \DeclareNewSectionCommand
(scrartcl)                instead.

<Girko/girko_circular_law.png, id=17, 470.7186pt x 456.5055pt>
File: Girko/girko_circular_law.png Graphic file (type png)
<use Girko/girko_circular_law.png>
Package pdftex.def Info: Girko/girko_circular_law.png  used on input line 229.
(pdftex.def)             Requested size: 209.12778pt x 202.81343pt.
[3]

Package scrartcl Warning: Usage of \@startsection detected.
(scrartcl)                Note, the sectioning of scrartcl does neither use
(scrartcl)                nor support the usage of \@startsection command.
(scrartcl)                This means, that none of the KOMA-Script features
(scrartcl)                for headings is available for the heading on line
(scrartcl)                244.
(scrartcl)                If you need additional sectioning commands, you
(scrartcl)                should define them using \DeclareNewSectionCommand
(scrartcl)                instead.


Package scrartcl Warning: Usage of \@startsection detected.
(scrartcl)                Note, the sectioning of scrartcl does neither use
(scrartcl)                nor support the usage of \@startsection command.
(scrartcl)                This means, that none of the KOMA-Script features
(scrartcl)                for headings is available for the heading on line
(scrartcl)                246.
(scrartcl)                If you need additional sectioning commands, you
(scrartcl)                should define them using \DeclareNewSectionCommand
(scrartcl)                instead.


LaTeX Warning: Citation `sompolinsky1988chaos' on page 4 undefined on input lin
e 280.

[4 <./Girko/girko_circular_law.png>]

Package scrartcl Warning: Usage of \@startsection detected.
(scrartcl)                Note, the sectioning of scrartcl does neither use
(scrartcl)                nor support the usage of \@startsection command.
(scrartcl)                This means, that none of the KOMA-Script features
(scrartcl)                for headings is available for the heading on line
(scrartcl)                283.
(scrartcl)                If you need additional sectioning commands, you
(scrartcl)                should define them using \DeclareNewSectionCommand
(scrartcl)                instead.


Package scrartcl Warning: Usage of \@startsection detected.
(scrartcl)                Note, the sectioning of scrartcl does neither use
(scrartcl)                nor support the usage of \@startsection command.
(scrartcl)                This means, that none of the KOMA-Script features
(scrartcl)                for headings is available for the heading on line
(scrartcl)                311.
(scrartcl)                If you need additional sectioning commands, you
(scrartcl)                should define them using \DeclareNewSectionCommand
(scrartcl)                instead.

[5]

Package scrartcl Warning: Usage of \@startsection detected.
(scrartcl)                Note, the sectioning of scrartcl does neither use
(scrartcl)                nor support the usage of \@startsection command.
(scrartcl)                This means, that none of the KOMA-Script features
(scrartcl)                for headings is available for the heading on line
(scrartcl)                378.
(scrartcl)                If you need additional sectioning commands, you
(scrartcl)                should define them using \DeclareNewSectionCommand
(scrartcl)                instead.


Package scrartcl Warning: Usage of \@startsection detected.
(scrartcl)                Note, the sectioning of scrartcl does neither use
(scrartcl)                nor support the usage of \@startsection command.
(scrartcl)                This means, that none of the KOMA-Script features
(scrartcl)                for headings is available for the heading on line
(scrartcl)                407.
(scrartcl)                If you need additional sectioning commands, you
(scrartcl)                should define them using \DeclareNewSectionCommand
(scrartcl)                instead.

[6]

Package scrartcl Warning: Usage of \@startsection detected.
(scrartcl)                Note, the sectioning of scrartcl does neither use
(scrartcl)                nor support the usage of \@startsection command.
(scrartcl)                This means, that none of the KOMA-Script features
(scrartcl)                for headings is available for the heading on line
(scrartcl)                416.
(scrartcl)                If you need additional sectioning commands, you
(scrartcl)                should define them using \DeclareNewSectionCommand
(scrartcl)                instead.

<oja_chaos/spectral_radius_trajectories.png, id=34, 1147.28625pt x 356.532pt>
File: oja_chaos/spectral_radius_trajectories.png Graphic file (type png)
<use oja_chaos/spectral_radius_trajectories.png>
Package pdftex.def Info: oja_chaos/spectral_radius_trajectories.png  used on in
put line 434.
(pdftex.def)             Requested size: 313.69167pt x 97.47809pt.

Package scrartcl Warning: Usage of \@startsection detected.
(scrartcl)                Note, the sectioning of scrartcl does neither use
(scrartcl)                nor support the usage of \@startsection command.
(scrartcl)                This means, that none of the KOMA-Script features
(scrartcl)                for headings is available for the heading on line
(scrartcl)                451.
(scrartcl)                If you need additional sectioning commands, you
(scrartcl)                should define them using \DeclareNewSectionCommand
(scrartcl)                instead.

[7 <./oja_chaos/spectral_radius_trajectories.png>]
<oja_chaos/r2_vs_g.png, id=40, 713.66624pt x 351.714pt>
File: oja_chaos/r2_vs_g.png Graphic file (type png)
<use oja_chaos/r2_vs_g.png>
Package pdftex.def Info: oja_chaos/r2_vs_g.png  used on input line 469.
(pdftex.def)             Requested size: 292.7776pt x 144.28954pt.


LaTeX Warning: Citation `sompolinsky1988chaos' on page 8 undefined on input lin
e 482.


Package scrartcl Warning: Usage of \@startsection detected.
(scrartcl)                Note, the sectioning of scrartcl does neither use
(scrartcl)                nor support the usage of \@startsection command.
(scrartcl)                This means, that none of the KOMA-Script features
(scrartcl)                for headings is available for the heading on line
(scrartcl)                484.
(scrartcl)                If you need additional sectioning commands, you
(scrartcl)                should define them using \DeclareNewSectionCommand
(scrartcl)                instead.

<network_analysis/r2_baseline_vs_oja.png, id=41, 713.66624pt x 352.9185pt>
File: network_analysis/r2_baseline_vs_oja.png Graphic file (type png)
<use network_analysis/r2_baseline_vs_oja.png>
Package pdftex.def Info: network_analysis/r2_baseline_vs_oja.png  used on input
 line 496.
(pdftex.def)             Requested size: 292.7776pt x 144.78368pt.
[8 <./oja_chaos/r2_vs_g.png>]

Package scrartcl Warning: Usage of \@startsection detected.
(scrartcl)                Note, the sectioning of scrartcl does neither use
(scrartcl)                nor support the usage of \@startsection command.
(scrartcl)                This means, that none of the KOMA-Script features
(scrartcl)                for headings is available for the heading on line
(scrartcl)                512.
(scrartcl)                If you need additional sectioning commands, you
(scrartcl)                should define them using \DeclareNewSectionCommand
(scrartcl)                instead.

LaTeX Font Info:    Trying to load font information for TS1+futs on input line 
519.
(/usr/local/texlive/2025/texmf-dist/tex/latex/fourier/ts1futs.fd
File: ts1futs.fd 2003/09/14 Fontinst v1.801 font definitions for TS1/futs.
)
<signal_comparison/correlation_rank_by_drive.png, id=46, 932.88525pt x 358.3387
5pt>
File: signal_comparison/correlation_rank_by_drive.png Graphic file (type png)
<use signal_comparison/correlation_rank_by_drive.png>
Package pdftex.def Info: signal_comparison/correlation_rank_by_drive.png  used 
on input line 529.
(pdftex.def)             Requested size: 292.7776pt x 112.46175pt.
 [9 <./network_analysis/r2_baseline_vs_oja.png>]

Package scrartcl Warning: Usage of \@startsection detected.
(scrartcl)                Note, the sectioning of scrartcl does neither use
(scrartcl)                nor support the usage of \@startsection command.
(scrartcl)                This means, that none of the KOMA-Script features
(scrartcl)                for headings is available for the heading on line
(scrartcl)                552.
(scrartcl)                If you need additional sectioning commands, you
(scrartcl)                should define them using \DeclareNewSectionCommand
(scrartcl)                instead.

<geff/geff_static_scan.png, id=51, 641.39626pt x 352.9185pt>
File: geff/geff_static_scan.png Graphic file (type png)
<use geff/geff_static_scan.png>
Package pdftex.def Info: geff/geff_static_scan.png  used on input line 569.
(pdftex.def)             Requested size: 292.7776pt x 161.10051pt.

Underfull \hbox (badness 1057) in paragraph at lines 574--574
[][]\T1/futs/m/n/10.95 Time-averaged ef-fec-tive gain $\FML/futmi/m/it/10.95 g[
]$ \T1/futs/m/n/10.95 (blue cir-cles) and di-rect $\FML/futmi/m/it/10.95 ^^Z\T1
/futs/m/n/10.95 (\FML/futmi/m/it/10.95 D\T1/futs/m/n/10.95 (\FML/futmi/m/it/10.
95 t\T1/futs/m/n/10.95 )\FML/futmi/m/it/10.95 W\T1/futs/m/n/10.95 )$ (or-ange
 []

[10 <./signal_comparison/correlation_rank_by_drive.png>]

Package scrartcl Warning: Usage of \@startsection detected.
(scrartcl)                Note, the sectioning of scrartcl does neither use
(scrartcl)                nor support the usage of \@startsection command.
(scrartcl)                This means, that none of the KOMA-Script features
(scrartcl)                for headings is available for the heading on line
(scrartcl)                584.
(scrartcl)                If you need additional sectioning commands, you
(scrartcl)                should define them using \DeclareNewSectionCommand
(scrartcl)                instead.

<network_analysis/critical_slowing_down.png, id=56, 1003.3485pt x 356.532pt>
File: network_analysis/critical_slowing_down.png Graphic file (type png)
<use network_analysis/critical_slowing_down.png>
Package pdftex.def Info: network_analysis/critical_slowing_down.png  used on in
put line 596.
(pdftex.def)             Requested size: 355.51976pt x 126.32764pt.
[11 <./geff/geff_static_scan.png>]

LaTeX Warning: Citation `guckenheimer1983nonlinear' on page 12 undefined on inp
ut line 623.


Package scrartcl Warning: Usage of \@startsection detected.
(scrartcl)                Note, the sectioning of scrartcl does neither use
(scrartcl)                nor support the usage of \@startsection command.
(scrartcl)                This means, that none of the KOMA-Script features
(scrartcl)                for headings is available for the heading on line
(scrartcl)                632.
(scrartcl)                If you need additional sectioning commands, you
(scrartcl)                should define them using \DeclareNewSectionCommand
(scrartcl)                instead.

[12 <./network_analysis/critical_slowing_down.png>] (./MAE 541 Final Paper.bbl

Package scrartcl Warning: Usage of \@startsection detected.
(scrartcl)                Note, the sectioning of scrartcl does neither use
(scrartcl)                nor support the usage of \@startsection command.
(scrartcl)                This means, that none of the KOMA-Script features
(scrartcl)                for headings is available for the heading on line 1.
(scrartcl)                If you need additional sectioning commands, you
(scrartcl)                should define them using \DeclareNewSectionCommand
(scrartcl)                instead.

) [13] (./MAE 541 Final Paper.aux)
 ***********
LaTeX2e <2025-11-01>
L3 programming layer <2020/03/25>
 ***********


LaTeX Warning: There were undefined references.


LaTeX Warning: Label(s) may have changed. Rerun to get cross-references right.

 ) 
Here is how much of TeX's memory you used:
 9340 strings out of 467533
 183823 string characters out of 5419489
 804211 words of memory out of 5000000
 38055 multiletter control sequences out of 15000+600000
 772249 words of font info for 183 fonts, out of 8000000 for 9000
 1141 hyphenation exceptions out of 8191
 108i,12n,107p,11224b,341s stack positions out of 10000i,1000n,20000p,200000b,200000s
</usr/local/texlive/2025/texmf-dist/fonts/type1/public/fourier/fourier-bb.pfb
></usr/local/texlive/2025/texmf-dist/fonts/type1/public/fourier/fourier-mcl.pfb
></usr/local/texlive/2025/texmf-dist/fonts/type1/public/fourier/fourier-mex.pfb
></usr/local/texlive/2025/texmf-dist/fonts/type1/public/fourier/fourier-ml.pfb>
</usr/local/texlive/2025/texmf-dist/fonts/type1/public/fourier/fourier-mlit.pfb
></usr/local/texlive/2025/texmf-dist/fonts/type1/public/fourier/fourier-mlitb.p
fb></usr/local/texlive/2025/texmf-dist/fonts/type1/public/fourier/fourier-ms.pf
b></usr/local/texlive/2025/texmf-dist/fonts/type1/adobe/utopia/putb8a.pfb></usr
/local/texlive/2025/texmf-dist/fonts/type1/adobe/utopia/putr8a.pfb></usr/local/
texlive/2025/texmf-dist/fonts/type1/adobe/utopia/putri8a.pfb>
Output written on "MAE 541 Final Paper.pdf" (13 pages, 667698 bytes).
PDF statistics:
 113 PDF objects out of 1000 (max. 8388607)
 63 compressed objects within 1 object stream
 0 named destinations out of 1000 (max. 500000)
 36 words of extra memory for PDF output out of 10000 (max. 10000000)

